[2026-08-14 10:25:05] === enhance · cognis-digital · words=120000 loc>=10000 langs=9 push=True ===
[2026-08-14 10:25:10] phase DOCS — longform 120000-word corpus -> docs/corpus/
[2026-08-14 23:49:10] phase POLYGLOT — expanding to >= 10000 LOC across 9 languages
[2026-08-14 23:49:37]   facets: ['profile_parser', 'profile_generator', 'profile_merger', 'profile_validator', 'profile_updater', 'profile_backup']
[2026-08-14 23:50:59]   +polyglot/python/profile_parser.py  (loc now ~849)
[2026-08-14 23:52:54]   +polyglot/go/profile_parser.go  (loc now ~1298)
[2026-08-14 23:54:30]   +polyglot/rust/profile_parser.rs  (loc now ~1631)
[2026-08-14 23:55:31]   +polyglot/typescript/profile_parser.ts  (loc now ~1908)
[2026-08-14 23:57:26]   +polyglot/c/profile_parser.c  (loc now ~2295)
[2026-08-14 23:59:42]   +polyglot/cpp/profile_parser.cpp  (loc now ~2670)
[2026-08-15 00:01:49]   +polyglot/java/profile_parser.java  (loc now ~3183)
[2026-08-15 00:03:11]   +polyglot/ruby/profile_parser.rb  (loc now ~3449)
[2026-08-15 00:04:26]   +polyglot/csharp/profile_parser.cs  (loc now ~3759)
[2026-08-15 00:06:05]   +polyglot/python/profile_generator.py  (loc now ~4169)
[2026-08-15 00:07:49]   +polyglot/go/profile_generator.go  (loc now ~4518)
[2026-08-15 00:08:46]   +polyglot/rust/profile_generator.rs  (loc now ~4727)
[2026-08-15 00:10:24]   +polyglot/typescript/profile_generator.ts  (loc now ~5145)
[2026-08-15 00:12:09]   +polyglot/c/profile_generator.c  (loc now ~5493)
[2026-08-15 00:14:30]   +polyglot/cpp/profile_generator.cpp  (loc now ~5958)
[2026-08-15 00:16:33]   +polyglot/java/profile_generator.java  (loc now ~6513)
[2026-08-15 00:17:40]   +polyglot/ruby/profile_generator.rb  (loc now ~6659)
[2026-08-15 00:19:40]   +polyglot/csharp/profile_generator.cs  (loc now ~7155)
[2026-08-15 00:20:41]   +polyglot/python/profile_merger.py  (loc now ~7408)
[2026-08-15 00:22:23]   +polyglot/go/profile_merger.go  (loc now ~7819)
[2026-08-15 00:24:07]   +polyglot/rust/profile_merger.rs  (loc now ~8146)
[2026-08-15 00:25:20]   +polyglot/typescript/profile_merger.ts  (loc now ~8472)
[2026-08-15 00:27:17]   +polyglot/c/profile_merger.c  (loc now ~8903)
[2026-08-15 00:29:40]   +polyglot/cpp/profile_merger.cpp  (loc now ~9403)
[2026-08-15 00:31:41]   +polyglot/java/profile_merger.java  (loc now ~9899)
[2026-08-15 00:33:02]   +polyglot/ruby/profile_merger.rb  (loc now ~10125)
